C:\Users\alifb\Google Drive\vInternship\demoJwt\src\main\java\com\example\demoJwt\model\JwtRequest.java
C:\Users\alifb\Google Drive\vInternship\demoJwt\src\main\java\com\example\demoJwt\ServletInitializer.java
C:\Users\alifb\Google Drive\vInternship\demoJwt\src\main\java\com\example\demoJwt\controller\DemoJwtController.java
C:\Users\alifb\Google Drive\vInternship\demoJwt\src\main\java\com\example\demoJwt\config\JwtTokenUtil.java
C:\Users\alifb\Google Drive\vInternship\demoJwt\src\main\java\com\example\demoJwt\config\JwtAuthenticationEntryPoint.java
C:\Users\alifb\Google Drive\vInternship\demoJwt\src\main\java\com\example\demoJwt\config\WebSequrityConfig.java
C:\Users\alifb\Google Drive\vInternship\demoJwt\src\main\java\com\example\demoJwt\DemoJwtApplication.java
C:\Users\alifb\Google Drive\vInternship\demoJwt\src\main\java\com\example\demoJwt\model\JwtResponse.java
C:\Users\alifb\Google Drive\vInternship\demoJwt\src\main\java\com\example\demoJwt\config\JwtRequestFilter.java
C:\Users\alifb\Google Drive\vInternship\demoJwt\src\main\java\com\example\demoJwt\controller\JwtAuthenticationCotroller.java
C:\Users\alifb\Google Drive\vInternship\demoJwt\src\main\java\com\example\demoJwt\service\JwtUserDetailsService.java
